capacitor.config.ts(1,38): error TS2307: Cannot find module '@capacitor/cli' or its corresponding type declarations.
src/app/actions/userActions.ts(134,39): error TS2339: Property 'get' does not exist on type 'Promise<ReadonlyRequestCookies>'.
src/app/api/file-access-history/route.ts(67,9): error TS7034: Variable 'accessHistory' implicitly has type 'any[]' in some locations where its type cannot be determined.
src/app/api/file-access-history/route.ts(83,7): error TS7005: Variable 'accessHistory' implicitly has an 'any[]' type.
src/app/api/trash/route.ts(95,9): error TS7034: Variable 'trashItems' implicitly has type 'any[]' in some locations where its type cannot be determined.
src/app/api/trash/route.ts(108,7): error TS7005: Variable 'trashItems' implicitly has an 'any[]' type.
